******************************************************************************
                  TI ARM Linker PC v20.2.7                     
******************************************************************************
>> Linked Wed Jan  3 20:11:24 2024

OUTPUT FILE NAME:   <AUTOSAR_Project.out>
ENTRY POINT SYMBOL: "_c_int00_noargs"  address: 00001199


MEMORY CONFIGURATION

         name            origin    length      used     unused   attr    fill
----------------------  --------  ---------  --------  --------  ----  --------
  FLASH                 00000000   00040000  000013be  0003ec42  R  X
  SRAM                  20000000   00008000  00000230  00007dd0  RW X


SEGMENT ALLOCATION MAP

run origin  load origin   length   init length attrs members
----------  ----------- ---------- ----------- ----- -------
00000000    00000000    000013c4   000013c4    r-x
  00000000    00000000    0000026c   0000026c    r-- .intvecs
  0000026c    0000026c    00000fc2   00000fc2    r-x .text
  0000122e    0000122e    0000015c   0000015c    r-- .const
  00001390    00001390    00000034   00000034    r-- .cinit
20000000    20000000    00000230   00000000    rw-
  20000000    20000000    00000200   00000000    rw- .stack
  20000200    20000200    00000030   00000000    rw- .data


SECTION ALLOCATION MAP

 output                                  attributes/
section   page    origin      length       input sections
--------  ----  ----------  ----------   ----------------
.intvecs   0    00000000    0000026c     
                  00000000    0000026c     tm4c123gh6pm_startup_ccs.obj (.intvecs)

.text      0    0000026c    00000fc2     
                  0000026c    0000089c     Port.obj (.text)
                  00000b08    0000030c     Dio.obj (.text)
                  00000e14    000000a8     Os.obj (.text)
                  00000ebc    0000009c     rtsv7M4_T_le_v4SPD16_eabi.lib : memcpy_t2.asm.obj (.text)
                  00000f58    0000007c     Button.obj (.text)
                  00000fd4    0000007c     Gpt.obj (.text)
                  00001050    00000068     rtsv7M4_T_le_v4SPD16_eabi.lib : copy_decompress_lzss.c.obj (.text:decompress:lzss:__TI_decompress_lzss)
                  000010b8    0000005c     App.obj (.text)
                  00001114    00000044     rtsv7M4_T_le_v4SPD16_eabi.lib : autoinit.c.obj (.text:__TI_auto_init_nobinit_nopinit:__TI_auto_init_nobinit_nopinit)
                  00001158    0000003e     Led.obj (.text)
                  00001196    00000002     --HOLE-- [fill = 0]
                  00001198    00000034     rtsv7M4_T_le_v4SPD16_eabi.lib : boot_cortex_m.c.obj (.text:_c_int00_noargs:_c_int00_noargs)
                  000011cc    00000020     Mcu.obj (.text)
                  000011ec    00000016     Det.obj (.text)
                  00001202    0000000e     rtsv7M4_T_le_v4SPD16_eabi.lib : copy_decompress_none.c.obj (.text:decompress:none:__TI_decompress_none)
                  00001210    0000000c     tm4c123gh6pm_startup_ccs.obj (.text)
                  0000121c    0000000a     main.obj (.text)
                  00001226    00000004     rtsv7M4_T_le_v4SPD16_eabi.lib : pre_init.c.obj (.text:_system_pre_init)
                  0000122a    00000004                                   : exit.c.obj (.text:abort:abort)

.const     0    0000122e    0000015c     
                  0000122e    00000158     Port_PBcfg.obj (.const:Port_PinConfig)
                  00001386    00000004     Dio_PBcfg.obj (.const:Dio_Configuration)

.cinit     0    00001390    00000034     
                  00001390    00000023     (.cinit..data.load) [load image, compression = lzss]
                  000013b3    00000001     --HOLE-- [fill = 0]
                  000013b4    00000008     (__TI_handler_table)
                  000013bc    00000008     (__TI_cinit_table)

.init_array 
*          0    00000000    00000000     UNINITIALIZED

.data      0    20000200    00000030     UNINITIALIZED
                  20000200    00000018     Port.obj (.data:Base_Address)
                  20000218    00000008     Port.obj (.data)
                  20000220    00000005     Dio.obj (.data)
                  20000225    00000003     Button.obj (.data)
                  20000228    00000004     Gpt.obj (.data)
                  2000022c    00000002     App.obj (.data)
                  2000022e    00000002     Os.obj (.data)

.stack     0    20000000    00000200     UNINITIALIZED
                  20000000    00000004     rtsv7M4_T_le_v4SPD16_eabi.lib : boot_cortex_m.c.obj (.stack)
                  20000004    000001fc     --HOLE--

__llvm_prf_cnts 
*          0    20000000    00000000     UNINITIALIZED

MODULE SUMMARY

       Module                         code   ro data   rw data
       ------                         ----   -------   -------
    .\
       tm4c123gh6pm_startup_ccs.obj   12     620       0      
       Os.obj                         168    0         2      
       Gpt.obj                        124    0         4      
       Button.obj                     124    0         3      
       App.obj                        92     0         2      
       Led.obj                        62     0         0      
       Mcu.obj                        32     0         0      
       Det.obj                        22     0         0      
       main.obj                       10     0         0      
    +--+------------------------------+------+---------+---------+
       Total:                         646    620       11     
                                                              
    .\MCAL\IO\Dio\
       Dio.obj                        780    0         5      
       Dio_PBcfg.obj                  0      4         0      
    +--+------------------------------+------+---------+---------+
       Total:                         780    4         5      
                                                              
    .\MCAL\IO\Port\
       Port.obj                       2204   0         32     
       Port_PBcfg.obj                 0      344       0      
    +--+------------------------------+------+---------+---------+
       Total:                         2204   344       32     
                                                              
    C:\ti\ccs1250\ccs\tools\compiler\ti-cgt-arm_20.2.7.LTS\lib\rtsv7M4_T_le_v4SPD16_eabi.lib
       memcpy_t2.asm.obj              156    0         0      
       copy_decompress_lzss.c.obj     104    0         0      
       autoinit.c.obj                 68     0         0      
       boot_cortex_m.c.obj            52     0         0      
       copy_decompress_none.c.obj     14     0         0      
       exit.c.obj                     4      0         0      
       pre_init.c.obj                 4      0         0      
    +--+------------------------------+------+---------+---------+
       Total:                         402    0         0      
                                                              
       Stack:                         0      0         512    
       Linker Generated:              0      51        0      
    +--+------------------------------+------+---------+---------+
       Grand Total:                   4032   1019      560    


LINKER GENERATED COPY TABLES

__TI_cinit_table @ 000013bc records: 1, size/record: 8, table size: 8
	.data: load addr=00001390, load size=00000023 bytes, run addr=20000200, run size=00000030 bytes, compression=lzss


LINKER GENERATED HANDLER TABLE

__TI_handler_table @ 000013b4 records: 2, size/record: 4, table size: 8
	index: 0, handler: __TI_decompress_lzss
	index: 1, handler: __TI_decompress_none


GLOBAL SYMBOLS: SORTED ALPHABETICALLY BY Name 

address   name                          
-------   ----                          
000010dd  App_Task                      
00000f59  Button_GetState               
00000f5f  Button_RefreshState           
000010cd  Button_Task                   
0000122b  C$$EXIT                       
000011ed  Det_ReportError               
00001386  Dio_Configuration             
00000ce7  Dio_FlipChannel               
00000b09  Dio_Init                      
00000c0d  Dio_ReadChannel               
00000b2d  Dio_WriteChannel              
000010b9  Init_Task                     
00001171  Led_RefreshOutput             
00001165  Led_SetOff                    
00001159  Led_SetOn                     
000010d5  Led_Task                      
00001189  Led_Toggle                    
000011cd  Mcu_Init                      
00000e2f  Os_NewTimerTick               
00000e3f  Os_Scheduler                  
00000e15  Os_start                      
000008f9  Port_GetVersionInfo           
0000026d  Port_Init                     
0000122e  Port_PinConfig                
0000080f  Port_RefreshPortDirection     
00000691  Port_SetPinDirection          
00000931  Port_SetPinMode               
00001211  ResetISR                      
00000fd5  SysTick_Handler               
0000102d  SysTick_SetCallBack           
00000fe5  SysTick_Start                 
00001025  SysTick_Stop                  
20000200  __STACK_END                   
00000200  __STACK_SIZE                  
20000200  __STACK_TOP                   
000013bc  __TI_CINIT_Base               
000013c4  __TI_CINIT_Limit              
000013b4  __TI_Handler_Table_Base       
000013bc  __TI_Handler_Table_Limit      
00001115  __TI_auto_init_nobinit_nopinit
00001051  __TI_decompress_lzss          
00001203  __TI_decompress_none          
ffffffff  __TI_pprof_out_hndl           
ffffffff  __TI_prof_data_size           
ffffffff  __TI_prof_data_start          
00000000  __TI_static_base__            
00000ebd  __aeabi_memcpy                
00000ebd  __aeabi_memcpy4               
00000ebd  __aeabi_memcpy8               
ffffffff  __binit__                     
ffffffff  __c_args__                    
UNDEFED   __mpu_init                    
20000000  __stack                       
20000000  __start___llvm_prf_cnts       
20000000  __stop___llvm_prf_cnts        
00001199  _c_int00_noargs               
UNDEFED   _system_post_cinit            
00001227  _system_pre_init              
0000122b  abort                         
ffffffff  binit                         
00000000  g_pfnVectors                  
0000121d  main                          
00000ebd  memcpy                        


GLOBAL SYMBOLS: SORTED BY Symbol Address 

address   name                          
-------   ----                          
00000000  __TI_static_base__            
00000000  g_pfnVectors                  
00000200  __STACK_SIZE                  
0000026d  Port_Init                     
00000691  Port_SetPinDirection          
0000080f  Port_RefreshPortDirection     
000008f9  Port_GetVersionInfo           
00000931  Port_SetPinMode               
00000b09  Dio_Init                      
00000b2d  Dio_WriteChannel              
00000c0d  Dio_ReadChannel               
00000ce7  Dio_FlipChannel               
00000e15  Os_start                      
00000e2f  Os_NewTimerTick               
00000e3f  Os_Scheduler                  
00000ebd  __aeabi_memcpy                
00000ebd  __aeabi_memcpy4               
00000ebd  __aeabi_memcpy8               
00000ebd  memcpy                        
00000f59  Button_GetState               
00000f5f  Button_RefreshState           
00000fd5  SysTick_Handler               
00000fe5  SysTick_Start                 
00001025  SysTick_Stop                  
0000102d  SysTick_SetCallBack           
00001051  __TI_decompress_lzss          
000010b9  Init_Task                     
000010cd  Button_Task                   
000010d5  Led_Task                      
000010dd  App_Task                      
00001115  __TI_auto_init_nobinit_nopinit
00001159  Led_SetOn                     
00001165  Led_SetOff                    
00001171  Led_RefreshOutput             
00001189  Led_Toggle                    
00001199  _c_int00_noargs               
000011cd  Mcu_Init                      
000011ed  Det_ReportError               
00001203  __TI_decompress_none          
00001211  ResetISR                      
0000121d  main                          
00001227  _system_pre_init              
0000122b  C$$EXIT                       
0000122b  abort                         
0000122e  Port_PinConfig                
00001386  Dio_Configuration             
000013b4  __TI_Handler_Table_Base       
000013bc  __TI_CINIT_Base               
000013bc  __TI_Handler_Table_Limit      
000013c4  __TI_CINIT_Limit              
20000000  __stack                       
20000000  __start___llvm_prf_cnts       
20000000  __stop___llvm_prf_cnts        
20000200  __STACK_END                   
20000200  __STACK_TOP                   
ffffffff  __TI_pprof_out_hndl           
ffffffff  __TI_prof_data_size           
ffffffff  __TI_prof_data_start          
ffffffff  __binit__                     
ffffffff  __c_args__                    
ffffffff  binit                         
UNDEFED   __mpu_init                    
UNDEFED   _system_post_cinit            

[63 symbols]
