******************************************************************************
                  TI ARM Linker PC v20.2.7                     
******************************************************************************
>> Linked Mon Jan  1 14:41:57 2024

OUTPUT FILE NAME:   <AUTOSAR_Project.out>
ENTRY POINT SYMBOL: "_c_int00_noargs"  address: 00000d51


MEMORY CONFIGURATION

         name            origin    length      used     unused   attr    fill
----------------------  --------  ---------  --------  --------  ----  --------
  FLASH                 00000000   00040000  00000f76  0003f08a  R  X
  SRAM                  20000000   00008000  00000230  00007dd0  RW X


SEGMENT ALLOCATION MAP

run origin  load origin   length   init length attrs members
----------  ----------- ---------- ----------- ----- -------
00000000    00000000    00000f7c   00000f7c    r-x
  00000000    00000000    0000026c   0000026c    r-- .intvecs
  0000026c    0000026c    00000b7a   00000b7a    r-x .text
  00000de6    00000de6    0000015c   0000015c    r-- .const
  00000f48    00000f48    00000034   00000034    r-- .cinit
20000000    20000000    00000230   00000000    rw-
  20000000    20000000    00000200   00000000    rw- .stack
  20000200    20000200    00000030   00000000    rw- .data


SECTION ALLOCATION MAP

 output                                  attributes/
section   page    origin      length       input sections
--------  ----  ----------  ----------   ----------------
.intvecs   0    00000000    0000026c     
                  00000000    0000026c     tm4c123gh6pm_startup_ccs.obj (.intvecs)

.text      0    0000026c    00000b7a     
                  0000026c    00000454     Port.obj (.text)
                  000006c0    0000030c     Dio.obj (.text)
                  000009cc    000000a8     Os.obj (.text)
                  00000a74    0000009c     rtsv7M4_T_le_v4SPD16_eabi.lib : memcpy_t2.asm.obj (.text)
                  00000b10    0000007c     Button.obj (.text)
                  00000b8c    0000007c     Gpt.obj (.text)
                  00000c08    00000068     rtsv7M4_T_le_v4SPD16_eabi.lib : copy_decompress_lzss.c.obj (.text:decompress:lzss:__TI_decompress_lzss)
                  00000c70    0000005c     App.obj (.text)
                  00000ccc    00000044     rtsv7M4_T_le_v4SPD16_eabi.lib : autoinit.c.obj (.text:__TI_auto_init_nobinit_nopinit:__TI_auto_init_nobinit_nopinit)
                  00000d10    0000003e     Led.obj (.text)
                  00000d4e    00000002     --HOLE-- [fill = 0]
                  00000d50    00000034     rtsv7M4_T_le_v4SPD16_eabi.lib : boot_cortex_m.c.obj (.text:_c_int00_noargs:_c_int00_noargs)
                  00000d84    00000020     Mcu.obj (.text)
                  00000da4    00000016     Det.obj (.text)
                  00000dba    0000000e     rtsv7M4_T_le_v4SPD16_eabi.lib : copy_decompress_none.c.obj (.text:decompress:none:__TI_decompress_none)
                  00000dc8    0000000c     tm4c123gh6pm_startup_ccs.obj (.text)
                  00000dd4    0000000a     main.obj (.text)
                  00000dde    00000004     rtsv7M4_T_le_v4SPD16_eabi.lib : pre_init.c.obj (.text:_system_pre_init)
                  00000de2    00000004                                   : exit.c.obj (.text:abort:abort)

.const     0    00000de6    0000015c     
                  00000de6    00000158     Port_PBcfg.obj (.const:Port_PinConfig)
                  00000f3e    00000004     Dio_PBcfg.obj (.const:Dio_Configuration)

.cinit     0    00000f48    00000034     
                  00000f48    00000023     (.cinit..data.load) [load image, compression = lzss]
                  00000f6b    00000001     --HOLE-- [fill = 0]
                  00000f6c    00000008     (__TI_handler_table)
                  00000f74    00000008     (__TI_cinit_table)

.init_array 
*          0    00000000    00000000     UNINITIALIZED

.data      0    20000200    00000030     UNINITIALIZED
                  20000200    00000018     Port.obj (.data:Base_Address)
                  20000218    00000008     Port.obj (.data)
                  20000220    00000005     Dio.obj (.data)
                  20000225    00000003     Button.obj (.data)
                  20000228    00000004     Gpt.obj (.data)
                  2000022c    00000002     App.obj (.data)
                  2000022e    00000002     Os.obj (.data)

.stack     0    20000000    00000200     UNINITIALIZED
                  20000000    00000004     rtsv7M4_T_le_v4SPD16_eabi.lib : boot_cortex_m.c.obj (.stack)
                  20000004    000001fc     --HOLE--

__llvm_prf_cnts 
*          0    20000000    00000000     UNINITIALIZED

MODULE SUMMARY

       Module                         code   ro data   rw data
       ------                         ----   -------   -------
    .\
       tm4c123gh6pm_startup_ccs.obj   12     620       0      
       Os.obj                         168    0         2      
       Gpt.obj                        124    0         4      
       Button.obj                     124    0         3      
       App.obj                        92     0         2      
       Led.obj                        62     0         0      
       Mcu.obj                        32     0         0      
       Det.obj                        22     0         0      
       main.obj                       10     0         0      
    +--+------------------------------+------+---------+---------+
       Total:                         646    620       11     
                                                              
    .\MCAL\IO\Dio\
       Dio.obj                        780    0         5      
       Dio_PBcfg.obj                  0      4         0      
    +--+------------------------------+------+---------+---------+
       Total:                         780    4         5      
                                                              
    .\MCAL\IO\Port\
       Port.obj                       1108   0         32     
       Port_PBcfg.obj                 0      344       0      
    +--+------------------------------+------+---------+---------+
       Total:                         1108   344       32     
                                                              
    C:\ti\ccs1250\ccs\tools\compiler\ti-cgt-arm_20.2.7.LTS\lib\rtsv7M4_T_le_v4SPD16_eabi.lib
       memcpy_t2.asm.obj              156    0         0      
       copy_decompress_lzss.c.obj     104    0         0      
       autoinit.c.obj                 68     0         0      
       boot_cortex_m.c.obj            52     0         0      
       copy_decompress_none.c.obj     14     0         0      
       exit.c.obj                     4      0         0      
       pre_init.c.obj                 4      0         0      
    +--+------------------------------+------+---------+---------+
       Total:                         402    0         0      
                                                              
       Stack:                         0      0         512    
       Linker Generated:              0      51        0      
    +--+------------------------------+------+---------+---------+
       Grand Total:                   2936   1019      560    


LINKER GENERATED COPY TABLES

__TI_cinit_table @ 00000f74 records: 1, size/record: 8, table size: 8
	.data: load addr=00000f48, load size=00000023 bytes, run addr=20000200, run size=00000030 bytes, compression=lzss


LINKER GENERATED HANDLER TABLE

__TI_handler_table @ 00000f6c records: 2, size/record: 4, table size: 8
	index: 0, handler: __TI_decompress_lzss
	index: 1, handler: __TI_decompress_none


GLOBAL SYMBOLS: SORTED ALPHABETICALLY BY Name 

address   name                          
-------   ----                          
00000c95  App_Task                      
00000b11  Button_GetState               
00000b17  Button_RefreshState           
00000c85  Button_Task                   
00000de3  C$$EXIT                       
00000da5  Det_ReportError               
00000f3e  Dio_Configuration             
0000089f  Dio_FlipChannel               
000006c1  Dio_Init                      
000007c5  Dio_ReadChannel               
000006e5  Dio_WriteChannel              
00000c71  Init_Task                     
00000d29  Led_RefreshOutput             
00000d1d  Led_SetOff                    
00000d11  Led_SetOn                     
00000c8d  Led_Task                      
00000d41  Led_Toggle                    
00000d85  Mcu_Init                      
000009e7  Os_NewTimerTick               
000009f7  Os_Scheduler                  
000009cd  Os_start                      
000006a3  Port_GetVersionInfo           
0000026d  Port_Init                     
00000de6  Port_PinConfig                
000006a1  Port_RefreshPortDirection     
00000691  Port_SetPinDirection          
000006ad  Port_SetPinMode               
00000dc9  ResetISR                      
00000b8d  SysTick_Handler               
00000be5  SysTick_SetCallBack           
00000b9d  SysTick_Start                 
00000bdd  SysTick_Stop                  
20000200  __STACK_END                   
00000200  __STACK_SIZE                  
20000200  __STACK_TOP                   
00000f74  __TI_CINIT_Base               
00000f7c  __TI_CINIT_Limit              
00000f6c  __TI_Handler_Table_Base       
00000f74  __TI_Handler_Table_Limit      
00000ccd  __TI_auto_init_nobinit_nopinit
00000c09  __TI_decompress_lzss          
00000dbb  __TI_decompress_none          
ffffffff  __TI_pprof_out_hndl           
ffffffff  __TI_prof_data_size           
ffffffff  __TI_prof_data_start          
00000000  __TI_static_base__            
00000a75  __aeabi_memcpy                
00000a75  __aeabi_memcpy4               
00000a75  __aeabi_memcpy8               
ffffffff  __binit__                     
ffffffff  __c_args__                    
UNDEFED   __mpu_init                    
20000000  __stack                       
20000000  __start___llvm_prf_cnts       
20000000  __stop___llvm_prf_cnts        
00000d51  _c_int00_noargs               
UNDEFED   _system_post_cinit            
00000ddf  _system_pre_init              
00000de3  abort                         
ffffffff  binit                         
00000000  g_pfnVectors                  
00000dd5  main                          
00000a75  memcpy                        


GLOBAL SYMBOLS: SORTED BY Symbol Address 

address   name                          
-------   ----                          
00000000  __TI_static_base__            
00000000  g_pfnVectors                  
00000200  __STACK_SIZE                  
0000026d  Port_Init                     
00000691  Port_SetPinDirection          
000006a1  Port_RefreshPortDirection     
000006a3  Port_GetVersionInfo           
000006ad  Port_SetPinMode               
000006c1  Dio_Init                      
000006e5  Dio_WriteChannel              
000007c5  Dio_ReadChannel               
0000089f  Dio_FlipChannel               
000009cd  Os_start                      
000009e7  Os_NewTimerTick               
000009f7  Os_Scheduler                  
00000a75  __aeabi_memcpy                
00000a75  __aeabi_memcpy4               
00000a75  __aeabi_memcpy8               
00000a75  memcpy                        
00000b11  Button_GetState               
00000b17  Button_RefreshState           
00000b8d  SysTick_Handler               
00000b9d  SysTick_Start                 
00000bdd  SysTick_Stop                  
00000be5  SysTick_SetCallBack           
00000c09  __TI_decompress_lzss          
00000c71  Init_Task                     
00000c85  Button_Task                   
00000c8d  Led_Task                      
00000c95  App_Task                      
00000ccd  __TI_auto_init_nobinit_nopinit
00000d11  Led_SetOn                     
00000d1d  Led_SetOff                    
00000d29  Led_RefreshOutput             
00000d41  Led_Toggle                    
00000d51  _c_int00_noargs               
00000d85  Mcu_Init                      
00000da5  Det_ReportError               
00000dbb  __TI_decompress_none          
00000dc9  ResetISR                      
00000dd5  main                          
00000ddf  _system_pre_init              
00000de3  C$$EXIT                       
00000de3  abort                         
00000de6  Port_PinConfig                
00000f3e  Dio_Configuration             
00000f6c  __TI_Handler_Table_Base       
00000f74  __TI_CINIT_Base               
00000f74  __TI_Handler_Table_Limit      
00000f7c  __TI_CINIT_Limit              
20000000  __stack                       
20000000  __start___llvm_prf_cnts       
20000000  __stop___llvm_prf_cnts        
20000200  __STACK_END                   
20000200  __STACK_TOP                   
ffffffff  __TI_pprof_out_hndl           
ffffffff  __TI_prof_data_size           
ffffffff  __TI_prof_data_start          
ffffffff  __binit__                     
ffffffff  __c_args__                    
ffffffff  binit                         
UNDEFED   __mpu_init                    
UNDEFED   _system_post_cinit            

[63 symbols]
