******************************************************************************
                  TI ARM Linker PC v20.2.7                     
******************************************************************************
>> Linked Tue Jan  2 10:40:29 2024

OUTPUT FILE NAME:   <AUTOSAR_Project.out>
ENTRY POINT SYMBOL: "_c_int00_noargs"  address: 00000ea9


MEMORY CONFIGURATION

         name            origin    length      used     unused   attr    fill
----------------------  --------  ---------  --------  --------  ----  --------
  FLASH                 00000000   00040000  000010ce  0003ef32  R  X
  SRAM                  20000000   00008000  00000230  00007dd0  RW X


SEGMENT ALLOCATION MAP

run origin  load origin   length   init length attrs members
----------  ----------- ---------- ----------- ----- -------
00000000    00000000    000010d4   000010d4    r-x
  00000000    00000000    0000026c   0000026c    r-- .intvecs
  0000026c    0000026c    00000cd2   00000cd2    r-x .text
  00000f3e    00000f3e    0000015c   0000015c    r-- .const
  000010a0    000010a0    00000034   00000034    r-- .cinit
20000000    20000000    00000230   00000000    rw-
  20000000    20000000    00000200   00000000    rw- .stack
  20000200    20000200    00000030   00000000    rw- .data


SECTION ALLOCATION MAP

 output                                  attributes/
section   page    origin      length       input sections
--------  ----  ----------  ----------   ----------------
.intvecs   0    00000000    0000026c     
                  00000000    0000026c     tm4c123gh6pm_startup_ccs.obj (.intvecs)

.text      0    0000026c    00000cd2     
                  0000026c    000005ac     Port.obj (.text)
                  00000818    0000030c     Dio.obj (.text)
                  00000b24    000000a8     Os.obj (.text)
                  00000bcc    0000009c     rtsv7M4_T_le_v4SPD16_eabi.lib : memcpy_t2.asm.obj (.text)
                  00000c68    0000007c     Button.obj (.text)
                  00000ce4    0000007c     Gpt.obj (.text)
                  00000d60    00000068     rtsv7M4_T_le_v4SPD16_eabi.lib : copy_decompress_lzss.c.obj (.text:decompress:lzss:__TI_decompress_lzss)
                  00000dc8    0000005c     App.obj (.text)
                  00000e24    00000044     rtsv7M4_T_le_v4SPD16_eabi.lib : autoinit.c.obj (.text:__TI_auto_init_nobinit_nopinit:__TI_auto_init_nobinit_nopinit)
                  00000e68    0000003e     Led.obj (.text)
                  00000ea6    00000002     --HOLE-- [fill = 0]
                  00000ea8    00000034     rtsv7M4_T_le_v4SPD16_eabi.lib : boot_cortex_m.c.obj (.text:_c_int00_noargs:_c_int00_noargs)
                  00000edc    00000020     Mcu.obj (.text)
                  00000efc    00000016     Det.obj (.text)
                  00000f12    0000000e     rtsv7M4_T_le_v4SPD16_eabi.lib : copy_decompress_none.c.obj (.text:decompress:none:__TI_decompress_none)
                  00000f20    0000000c     tm4c123gh6pm_startup_ccs.obj (.text)
                  00000f2c    0000000a     main.obj (.text)
                  00000f36    00000004     rtsv7M4_T_le_v4SPD16_eabi.lib : pre_init.c.obj (.text:_system_pre_init)
                  00000f3a    00000004                                   : exit.c.obj (.text:abort:abort)

.const     0    00000f3e    0000015c     
                  00000f3e    00000158     Port_PBcfg.obj (.const:Port_PinConfig)
                  00001096    00000004     Dio_PBcfg.obj (.const:Dio_Configuration)

.cinit     0    000010a0    00000034     
                  000010a0    00000023     (.cinit..data.load) [load image, compression = lzss]
                  000010c3    00000001     --HOLE-- [fill = 0]
                  000010c4    00000008     (__TI_handler_table)
                  000010cc    00000008     (__TI_cinit_table)

.init_array 
*          0    00000000    00000000     UNINITIALIZED

.data      0    20000200    00000030     UNINITIALIZED
                  20000200    00000018     Port.obj (.data:Base_Address)
                  20000218    00000008     Port.obj (.data)
                  20000220    00000005     Dio.obj (.data)
                  20000225    00000003     Button.obj (.data)
                  20000228    00000004     Gpt.obj (.data)
                  2000022c    00000002     App.obj (.data)
                  2000022e    00000002     Os.obj (.data)

.stack     0    20000000    00000200     UNINITIALIZED
                  20000000    00000004     rtsv7M4_T_le_v4SPD16_eabi.lib : boot_cortex_m.c.obj (.stack)
                  20000004    000001fc     --HOLE--

__llvm_prf_cnts 
*          0    20000000    00000000     UNINITIALIZED

MODULE SUMMARY

       Module                         code   ro data   rw data
       ------                         ----   -------   -------
    .\
       tm4c123gh6pm_startup_ccs.obj   12     620       0      
       Os.obj                         168    0         2      
       Gpt.obj                        124    0         4      
       Button.obj                     124    0         3      
       App.obj                        92     0         2      
       Led.obj                        62     0         0      
       Mcu.obj                        32     0         0      
       Det.obj                        22     0         0      
       main.obj                       10     0         0      
    +--+------------------------------+------+---------+---------+
       Total:                         646    620       11     
                                                              
    .\MCAL\IO\Dio\
       Dio.obj                        780    0         5      
       Dio_PBcfg.obj                  0      4         0      
    +--+------------------------------+------+---------+---------+
       Total:                         780    4         5      
                                                              
    .\MCAL\IO\Port\
       Port.obj                       1452   0         32     
       Port_PBcfg.obj                 0      344       0      
    +--+------------------------------+------+---------+---------+
       Total:                         1452   344       32     
                                                              
    C:\ti\ccs1250\ccs\tools\compiler\ti-cgt-arm_20.2.7.LTS\lib\rtsv7M4_T_le_v4SPD16_eabi.lib
       memcpy_t2.asm.obj              156    0         0      
       copy_decompress_lzss.c.obj     104    0         0      
       autoinit.c.obj                 68     0         0      
       boot_cortex_m.c.obj            52     0         0      
       copy_decompress_none.c.obj     14     0         0      
       exit.c.obj                     4      0         0      
       pre_init.c.obj                 4      0         0      
    +--+------------------------------+------+---------+---------+
       Total:                         402    0         0      
                                                              
       Stack:                         0      0         512    
       Linker Generated:              0      51        0      
    +--+------------------------------+------+---------+---------+
       Grand Total:                   3280   1019      560    


LINKER GENERATED COPY TABLES

__TI_cinit_table @ 000010cc records: 1, size/record: 8, table size: 8
	.data: load addr=000010a0, load size=00000023 bytes, run addr=20000200, run size=00000030 bytes, compression=lzss


LINKER GENERATED HANDLER TABLE

__TI_handler_table @ 000010c4 records: 2, size/record: 4, table size: 8
	index: 0, handler: __TI_decompress_lzss
	index: 1, handler: __TI_decompress_none


GLOBAL SYMBOLS: SORTED ALPHABETICALLY BY Name 

address   name                          
-------   ----                          
00000ded  App_Task                      
00000c69  Button_GetState               
00000c6f  Button_RefreshState           
00000ddd  Button_Task                   
00000f3b  C$$EXIT                       
00000efd  Det_ReportError               
00001096  Dio_Configuration             
000009f7  Dio_FlipChannel               
00000819  Dio_Init                      
0000091d  Dio_ReadChannel               
0000083d  Dio_WriteChannel              
00000dc9  Init_Task                     
00000e81  Led_RefreshOutput             
00000e75  Led_SetOff                    
00000e69  Led_SetOn                     
00000de5  Led_Task                      
00000e99  Led_Toggle                    
00000edd  Mcu_Init                      
00000b3f  Os_NewTimerTick               
00000b4f  Os_Scheduler                  
00000b25  Os_start                      
000007f7  Port_GetVersionInfo           
0000026d  Port_Init                     
00000f3e  Port_PinConfig                
000007f5  Port_RefreshPortDirection     
00000691  Port_SetPinDirection          
00000801  Port_SetPinMode               
00000f21  ResetISR                      
00000ce5  SysTick_Handler               
00000d3d  SysTick_SetCallBack           
00000cf5  SysTick_Start                 
00000d35  SysTick_Stop                  
20000200  __STACK_END                   
00000200  __STACK_SIZE                  
20000200  __STACK_TOP                   
000010cc  __TI_CINIT_Base               
000010d4  __TI_CINIT_Limit              
000010c4  __TI_Handler_Table_Base       
000010cc  __TI_Handler_Table_Limit      
00000e25  __TI_auto_init_nobinit_nopinit
00000d61  __TI_decompress_lzss          
00000f13  __TI_decompress_none          
ffffffff  __TI_pprof_out_hndl           
ffffffff  __TI_prof_data_size           
ffffffff  __TI_prof_data_start          
00000000  __TI_static_base__            
00000bcd  __aeabi_memcpy                
00000bcd  __aeabi_memcpy4               
00000bcd  __aeabi_memcpy8               
ffffffff  __binit__                     
ffffffff  __c_args__                    
UNDEFED   __mpu_init                    
20000000  __stack                       
20000000  __start___llvm_prf_cnts       
20000000  __stop___llvm_prf_cnts        
00000ea9  _c_int00_noargs               
UNDEFED   _system_post_cinit            
00000f37  _system_pre_init              
00000f3b  abort                         
ffffffff  binit                         
00000000  g_pfnVectors                  
00000f2d  main                          
00000bcd  memcpy                        


GLOBAL SYMBOLS: SORTED BY Symbol Address 

address   name                          
-------   ----                          
00000000  __TI_static_base__            
00000000  g_pfnVectors                  
00000200  __STACK_SIZE                  
0000026d  Port_Init                     
00000691  Port_SetPinDirection          
000007f5  Port_RefreshPortDirection     
000007f7  Port_GetVersionInfo           
00000801  Port_SetPinMode               
00000819  Dio_Init                      
0000083d  Dio_WriteChannel              
0000091d  Dio_ReadChannel               
000009f7  Dio_FlipChannel               
00000b25  Os_start                      
00000b3f  Os_NewTimerTick               
00000b4f  Os_Scheduler                  
00000bcd  __aeabi_memcpy                
00000bcd  __aeabi_memcpy4               
00000bcd  __aeabi_memcpy8               
00000bcd  memcpy                        
00000c69  Button_GetState               
00000c6f  Button_RefreshState           
00000ce5  SysTick_Handler               
00000cf5  SysTick_Start                 
00000d35  SysTick_Stop                  
00000d3d  SysTick_SetCallBack           
00000d61  __TI_decompress_lzss          
00000dc9  Init_Task                     
00000ddd  Button_Task                   
00000de5  Led_Task                      
00000ded  App_Task                      
00000e25  __TI_auto_init_nobinit_nopinit
00000e69  Led_SetOn                     
00000e75  Led_SetOff                    
00000e81  Led_RefreshOutput             
00000e99  Led_Toggle                    
00000ea9  _c_int00_noargs               
00000edd  Mcu_Init                      
00000efd  Det_ReportError               
00000f13  __TI_decompress_none          
00000f21  ResetISR                      
00000f2d  main                          
00000f37  _system_pre_init              
00000f3b  C$$EXIT                       
00000f3b  abort                         
00000f3e  Port_PinConfig                
00001096  Dio_Configuration             
000010c4  __TI_Handler_Table_Base       
000010cc  __TI_CINIT_Base               
000010cc  __TI_Handler_Table_Limit      
000010d4  __TI_CINIT_Limit              
20000000  __stack                       
20000000  __start___llvm_prf_cnts       
20000000  __stop___llvm_prf_cnts        
20000200  __STACK_END                   
20000200  __STACK_TOP                   
ffffffff  __TI_pprof_out_hndl           
ffffffff  __TI_prof_data_size           
ffffffff  __TI_prof_data_start          
ffffffff  __binit__                     
ffffffff  __c_args__                    
ffffffff  binit                         
UNDEFED   __mpu_init                    
UNDEFED   _system_post_cinit            

[63 symbols]
