******************************************************************************
                  TI ARM Linker PC v20.2.7                     
******************************************************************************
>> Linked Wed Jan  3 20:03:51 2024

OUTPUT FILE NAME:   <AUTOSAR_Project.out>
ENTRY POINT SYMBOL: "_c_int00_noargs"  address: 00000e3d


MEMORY CONFIGURATION

         name            origin    length      used     unused   attr    fill
----------------------  --------  ---------  --------  --------  ----  --------
  FLASH                 00000000   00040000  00001062  0003ef9e  R  X
  SRAM                  20000000   00008000  00000230  00007dd0  RW X


SEGMENT ALLOCATION MAP

run origin  load origin   length   init length attrs members
----------  ----------- ---------- ----------- ----- -------
00000000    00000000    00001064   00001064    r-x
  00000000    00000000    0000026c   0000026c    r-- .intvecs
  0000026c    0000026c    00000c66   00000c66    r-x .text
  00000ed2    00000ed2    0000015c   0000015c    r-- .const
  00001030    00001030    00000034   00000034    r-- .cinit
20000000    20000000    00000230   00000000    rw-
  20000000    20000000    00000200   00000000    rw- .stack
  20000200    20000200    00000030   00000000    rw- .data


SECTION ALLOCATION MAP

 output                                  attributes/
section   page    origin      length       input sections
--------  ----  ----------  ----------   ----------------
.intvecs   0    00000000    0000026c     
                  00000000    0000026c     tm4c123gh6pm_startup_ccs.obj (.intvecs)

.text      0    0000026c    00000c66     
                  0000026c    00000540     Port.obj (.text)
                  000007ac    0000030c     Dio.obj (.text)
                  00000ab8    000000a8     Os.obj (.text)
                  00000b60    0000009c     rtsv7M4_T_le_v4SPD16_eabi.lib : memcpy_t2.asm.obj (.text)
                  00000bfc    0000007c     Button.obj (.text)
                  00000c78    0000007c     Gpt.obj (.text)
                  00000cf4    00000068     rtsv7M4_T_le_v4SPD16_eabi.lib : copy_decompress_lzss.c.obj (.text:decompress:lzss:__TI_decompress_lzss)
                  00000d5c    0000005c     App.obj (.text)
                  00000db8    00000044     rtsv7M4_T_le_v4SPD16_eabi.lib : autoinit.c.obj (.text:__TI_auto_init_nobinit_nopinit:__TI_auto_init_nobinit_nopinit)
                  00000dfc    0000003e     Led.obj (.text)
                  00000e3a    00000002     --HOLE-- [fill = 0]
                  00000e3c    00000034     rtsv7M4_T_le_v4SPD16_eabi.lib : boot_cortex_m.c.obj (.text:_c_int00_noargs:_c_int00_noargs)
                  00000e70    00000020     Mcu.obj (.text)
                  00000e90    00000016     Det.obj (.text)
                  00000ea6    0000000e     rtsv7M4_T_le_v4SPD16_eabi.lib : copy_decompress_none.c.obj (.text:decompress:none:__TI_decompress_none)
                  00000eb4    0000000c     tm4c123gh6pm_startup_ccs.obj (.text)
                  00000ec0    0000000a     main.obj (.text)
                  00000eca    00000004     rtsv7M4_T_le_v4SPD16_eabi.lib : pre_init.c.obj (.text:_system_pre_init)
                  00000ece    00000004                                   : exit.c.obj (.text:abort:abort)

.const     0    00000ed2    0000015c     
                  00000ed2    00000158     Port_PBcfg.obj (.const:Port_PinConfig)
                  0000102a    00000004     Dio_PBcfg.obj (.const:Dio_Configuration)

.cinit     0    00001030    00000034     
                  00001030    00000023     (.cinit..data.load) [load image, compression = lzss]
                  00001053    00000001     --HOLE-- [fill = 0]
                  00001054    00000008     (__TI_handler_table)
                  0000105c    00000008     (__TI_cinit_table)

.init_array 
*          0    00000000    00000000     UNINITIALIZED

.data      0    20000200    00000030     UNINITIALIZED
                  20000200    00000018     Port.obj (.data:Base_Address)
                  20000218    00000008     Port.obj (.data)
                  20000220    00000005     Dio.obj (.data)
                  20000225    00000003     Button.obj (.data)
                  20000228    00000004     Gpt.obj (.data)
                  2000022c    00000002     App.obj (.data)
                  2000022e    00000002     Os.obj (.data)

.stack     0    20000000    00000200     UNINITIALIZED
                  20000000    00000004     rtsv7M4_T_le_v4SPD16_eabi.lib : boot_cortex_m.c.obj (.stack)
                  20000004    000001fc     --HOLE--

__llvm_prf_cnts 
*          0    20000000    00000000     UNINITIALIZED

MODULE SUMMARY

       Module                         code   ro data   rw data
       ------                         ----   -------   -------
    .\
       tm4c123gh6pm_startup_ccs.obj   12     620       0      
       Os.obj                         168    0         2      
       Gpt.obj                        124    0         4      
       Button.obj                     124    0         3      
       App.obj                        92     0         2      
       Led.obj                        62     0         0      
       Mcu.obj                        32     0         0      
       Det.obj                        22     0         0      
       main.obj                       10     0         0      
    +--+------------------------------+------+---------+---------+
       Total:                         646    620       11     
                                                              
    .\MCAL\IO\Dio\
       Dio.obj                        780    0         5      
       Dio_PBcfg.obj                  0      4         0      
    +--+------------------------------+------+---------+---------+
       Total:                         780    4         5      
                                                              
    .\MCAL\IO\Port\
       Port.obj                       1344   0         32     
       Port_PBcfg.obj                 0      344       0      
    +--+------------------------------+------+---------+---------+
       Total:                         1344   344       32     
                                                              
    C:\ti\ccs1250\ccs\tools\compiler\ti-cgt-arm_20.2.7.LTS\lib\rtsv7M4_T_le_v4SPD16_eabi.lib
       memcpy_t2.asm.obj              156    0         0      
       copy_decompress_lzss.c.obj     104    0         0      
       autoinit.c.obj                 68     0         0      
       boot_cortex_m.c.obj            52     0         0      
       copy_decompress_none.c.obj     14     0         0      
       exit.c.obj                     4      0         0      
       pre_init.c.obj                 4      0         0      
    +--+------------------------------+------+---------+---------+
       Total:                         402    0         0      
                                                              
       Stack:                         0      0         512    
       Linker Generated:              0      51        0      
    +--+------------------------------+------+---------+---------+
       Grand Total:                   3172   1019      560    


LINKER GENERATED COPY TABLES

__TI_cinit_table @ 0000105c records: 1, size/record: 8, table size: 8
	.data: load addr=00001030, load size=00000023 bytes, run addr=20000200, run size=00000030 bytes, compression=lzss


LINKER GENERATED HANDLER TABLE

__TI_handler_table @ 00001054 records: 2, size/record: 4, table size: 8
	index: 0, handler: __TI_decompress_lzss
	index: 1, handler: __TI_decompress_none


GLOBAL SYMBOLS: SORTED ALPHABETICALLY BY Name 

address   name                          
-------   ----                          
00000d81  App_Task                      
00000bfd  Button_GetState               
00000c03  Button_RefreshState           
00000d71  Button_Task                   
00000ecf  C$$EXIT                       
00000e91  Det_ReportError               
0000102a  Dio_Configuration             
0000098b  Dio_FlipChannel               
000007ad  Dio_Init                      
000008b1  Dio_ReadChannel               
000007d1  Dio_WriteChannel              
00000d5d  Init_Task                     
00000e15  Led_RefreshOutput             
00000e09  Led_SetOff                    
00000dfd  Led_SetOn                     
00000d79  Led_Task                      
00000e2d  Led_Toggle                    
00000e71  Mcu_Init                      
00000ad3  Os_NewTimerTick               
00000ae3  Os_Scheduler                  
00000ab9  Os_start                      
00000785  Port_GetVersionInfo           
0000026d  Port_Init                     
00000ed2  Port_PinConfig                
000006a1  Port_RefreshPortDirection     
00000691  Port_SetPinDirection          
0000078f  Port_SetPinMode               
00000eb5  ResetISR                      
00000c79  SysTick_Handler               
00000cd1  SysTick_SetCallBack           
00000c89  SysTick_Start                 
00000cc9  SysTick_Stop                  
20000200  __STACK_END                   
00000200  __STACK_SIZE                  
20000200  __STACK_TOP                   
0000105c  __TI_CINIT_Base               
00001064  __TI_CINIT_Limit              
00001054  __TI_Handler_Table_Base       
0000105c  __TI_Handler_Table_Limit      
00000db9  __TI_auto_init_nobinit_nopinit
00000cf5  __TI_decompress_lzss          
00000ea7  __TI_decompress_none          
ffffffff  __TI_pprof_out_hndl           
ffffffff  __TI_prof_data_size           
ffffffff  __TI_prof_data_start          
00000000  __TI_static_base__            
00000b61  __aeabi_memcpy                
00000b61  __aeabi_memcpy4               
00000b61  __aeabi_memcpy8               
ffffffff  __binit__                     
ffffffff  __c_args__                    
UNDEFED   __mpu_init                    
20000000  __stack                       
20000000  __start___llvm_prf_cnts       
20000000  __stop___llvm_prf_cnts        
00000e3d  _c_int00_noargs               
UNDEFED   _system_post_cinit            
00000ecb  _system_pre_init              
00000ecf  abort                         
ffffffff  binit                         
00000000  g_pfnVectors                  
00000ec1  main                          
00000b61  memcpy                        


GLOBAL SYMBOLS: SORTED BY Symbol Address 

address   name                          
-------   ----                          
00000000  __TI_static_base__            
00000000  g_pfnVectors                  
00000200  __STACK_SIZE                  
0000026d  Port_Init                     
00000691  Port_SetPinDirection          
000006a1  Port_RefreshPortDirection     
00000785  Port_GetVersionInfo           
0000078f  Port_SetPinMode               
000007ad  Dio_Init                      
000007d1  Dio_WriteChannel              
000008b1  Dio_ReadChannel               
0000098b  Dio_FlipChannel               
00000ab9  Os_start                      
00000ad3  Os_NewTimerTick               
00000ae3  Os_Scheduler                  
00000b61  __aeabi_memcpy                
00000b61  __aeabi_memcpy4               
00000b61  __aeabi_memcpy8               
00000b61  memcpy                        
00000bfd  Button_GetState               
00000c03  Button_RefreshState           
00000c79  SysTick_Handler               
00000c89  SysTick_Start                 
00000cc9  SysTick_Stop                  
00000cd1  SysTick_SetCallBack           
00000cf5  __TI_decompress_lzss          
00000d5d  Init_Task                     
00000d71  Button_Task                   
00000d79  Led_Task                      
00000d81  App_Task                      
00000db9  __TI_auto_init_nobinit_nopinit
00000dfd  Led_SetOn                     
00000e09  Led_SetOff                    
00000e15  Led_RefreshOutput             
00000e2d  Led_Toggle                    
00000e3d  _c_int00_noargs               
00000e71  Mcu_Init                      
00000e91  Det_ReportError               
00000ea7  __TI_decompress_none          
00000eb5  ResetISR                      
00000ec1  main                          
00000ecb  _system_pre_init              
00000ecf  C$$EXIT                       
00000ecf  abort                         
00000ed2  Port_PinConfig                
0000102a  Dio_Configuration             
00001054  __TI_Handler_Table_Base       
0000105c  __TI_CINIT_Base               
0000105c  __TI_Handler_Table_Limit      
00001064  __TI_CINIT_Limit              
20000000  __stack                       
20000000  __start___llvm_prf_cnts       
20000000  __stop___llvm_prf_cnts        
20000200  __STACK_END                   
20000200  __STACK_TOP                   
ffffffff  __TI_pprof_out_hndl           
ffffffff  __TI_prof_data_size           
ffffffff  __TI_prof_data_start          
ffffffff  __binit__                     
ffffffff  __c_args__                    
ffffffff  binit                         
UNDEFED   __mpu_init                    
UNDEFED   _system_post_cinit            

[63 symbols]
